


https://github.com/Gadaite/mycode.git
git@github.com:Gadaite/mycode.git



git config --global user.email "rangeyang22@gmail.com"


ssh-keygen -t rsa -C "rangeyang22@gmail.com"


token:
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



(base) [root@VM-16-5-centos Github_files]# ls
C_ALL  Java_ALL  python_All  README  Scala_ALL
(base) [root@VM-16-5-centos Github_files]# git init
Reinitialized existing Git repository in /root/Github_files/.git/
(base) [root@VM-16-5-centos Github_files]# git add .
(base) [root@VM-16-5-centos Github_files]# git commit "mycode"
error: pathspec 'mycode' did not match any file(s) known to git
(base) [root@VM-16-5-centos Github_files]# git commit -m "mycode"
On branch master
nothing to commit, working tree clean
(base) [root@VM-16-5-centos Github_files]# ls
C_ALL  Java_ALL  python_All  README  Scala_ALL
(base) [root@VM-16-5-centos Github_files]# git remote add origin https://github.com/Gadaite/mycode.git
fatal: remote origin already exists.
(base) [root@VM-16-5-centos Github_files]# git remote -v
origin  https://github.com/Gadaite/mycode.git (fetch)
origin  https://github.com/Gadaite/mycode.git (push)
(base) [root@VM-16-5-centos Github_files]# touch README
(base) [root@VM-16-5-centos Github_files]# git add README
(base) [root@VM-16-5-centos Github_files]# git commit -m 'first commit'
On branch master
nothing to commit, working tree clean
(base) [root@VM-16-5-centos Github_files]# git push origin master
Username for 'https://github.com': Gadaite
Password for 'https://Gadaite@github.com':
Enumerating objects: 446, done.
Counting objects: 100% (446/446), done.
Compressing objects: 100% (424/424), done.
Writing objects:  25% (114/446), 37.31 MiB | 124.00 KiB/s

